// Jest Snapshot v1, https://goo.gl/fbAQLP

exports[`<Update /> with no props should match the snapshot 1`] = `"<div><form class=\\"ui form create-form\\"><div class=\\"field\\"><label>First Name</label><input placeholder=\\"First Name\\" type=\\"text\\" data-testid=\\"firstName\\" value=\\"\\"/></div><div class=\\"field\\"><label>Last Name</label><input placeholder=\\"Last Name\\" type=\\"text\\" data-testid=\\"lastName\\" value=\\"\\"/></div><div class=\\"field\\"><div data-testid=\\"terms\\" class=\\"ui checkbox\\"><input class=\\"hidden\\" readonly=\\"\\" tabindex=\\"0\\" type=\\"checkbox\\"/><label>I agree to the Terms and Conditions</label></div></div><button data-testid=\\"update\\" class=\\"ui button\\" type=\\"submit\\">Update</button></form></div>"`;
